// Jest Snapshot v1, https://goo.gl/fbAQLP

exports[`UuJokes.Bricks.UploadFormFile 1`] = `<formModal />`;
